// Jest Snapshot v1, https://goo.gl/fbAQLP

exports[`Card component Card snapshot 1`] = `
Object {
  "asFragment": [Function],
  "baseElement": <body>
    <div>
      <div
        class="card"
        role="presentation"
      >
        <h3
          class="card__title"
        >
          Luke Skywalker
        </h3>
        <div
          class="card__info-container"
        >
          <div
            class="card__info-item  undefined"
          >
            <div
              class="card__info-value"
            >
              172
            </div>
            <span
              class="card__info-name"
            >
              height
            </span>
          </div>
          <div
            class="card__info-item  undefined"
          >
            <div
              class="card__info-value"
            >
              77
            </div>
            <span
              class="card__info-name"
            >
              mass
            </span>
          </div>
        </div>
        <div
          class="card__tags-container"
        >
          <div
            class="card__card-tag"
            style="background-color: rgb(7, 214, 242);"
          >
            112BBY
          </div>
        </div>
      </div>
    </div>
  </body>,
  "container": <div>
    <div
      class="card"
      role="presentation"
    >
      <h3
        class="card__title"
      >
        Luke Skywalker
      </h3>
      <div
        class="card__info-container"
      >
        <div
          class="card__info-item  undefined"
        >
          <div
            class="card__info-value"
          >
            172
          </div>
          <span
            class="card__info-name"
          >
            height
          </span>
        </div>
        <div
          class="card__info-item  undefined"
        >
          <div
            class="card__info-value"
          >
            77
          </div>
          <span
            class="card__info-name"
          >
            mass
          </span>
        </div>
      </div>
      <div
        class="card__tags-container"
      >
        <div
          class="card__card-tag"
          style="background-color: rgb(7, 214, 242);"
        >
          112BBY
        </div>
      </div>
    </div>
  </div>,
  "debug": [Function],
  "findAllByAltText": [Function],
  "findAllByDisplayValue": [Function],
  "findAllByLabelText": [Function],
  "findAllByPlaceholderText": [Function],
  "findAllByRole": [Function],
  "findAllByTestId": [Function],
  "findAllByText": [Function],
  "findAllByTitle": [Function],
  "findByAltText": [Function],
  "findByDisplayValue": [Function],
  "findByLabelText": [Function],
  "findByPlaceholderText": [Function],
  "findByRole": [Function],
  "findByTestId": [Function],
  "findByText": [Function],
  "findByTitle": [Function],
  "getAllByAltText": [Function],
  "getAllByDisplayValue": [Function],
  "getAllByLabelText": [Function],
  "getAllByPlaceholderText": [Function],
  "getAllByRole": [Function],
  "getAllByTestId": [Function],
  "getAllByText": [Function],
  "getAllByTitle": [Function],
  "getByAltText": [Function],
  "getByDisplayValue": [Function],
  "getByLabelText": [Function],
  "getByPlaceholderText": [Function],
  "getByRole": [Function],
  "getByTestId": [Function],
  "getByText": [Function],
  "getByTitle": [Function],
  "queryAllByAltText": [Function],
  "queryAllByDisplayValue": [Function],
  "queryAllByLabelText": [Function],
  "queryAllByPlaceholderText": [Function],
  "queryAllByRole": [Function],
  "queryAllByTestId": [Function],
  "queryAllByText": [Function],
  "queryAllByTitle": [Function],
  "queryByAltText": [Function],
  "queryByDisplayValue": [Function],
  "queryByLabelText": [Function],
  "queryByPlaceholderText": [Function],
  "queryByRole": [Function],
  "queryByTestId": [Function],
  "queryByText": [Function],
  "queryByTitle": [Function],
  "rerender": [Function],
  "unmount": [Function],
}
`;
